// Jest Snapshot v1, https://goo.gl/fbAQLP

exports[`InventorySettings rendering render without Props 1`] = `
<div
  className="inventory-settings"
>
  <h3>
    Settings
  </h3>
  <AdvancedSetting
    key="autoUploadEnabled"
    setting="autoUploadEnabled"
  />
  <AdvancedSetting
    key="excludePackagesEnabled"
    setting="excludePackagesEnabled"
  />
  <AdvancedSetting
    key="allowAutoInsightsMismatchDelete"
    setting="allowAutoInsightsMismatchDelete"
  />
</div>
`;
